AR eq4 synthesis //n7fs/hboukrai/Archi/vhdl/eq4.vhd sub00/vhpl63 1481125744
AR addsub32 synthesis //n7fs/hboukrai/Archi/vhdl/addsub32.vhd sub00/vhpl41 1481125722
EN decoder3to8 NULL //n7fs/hboukrai/Archi/vhdl/decoder3to8.vhd sub00/vhpl16 1481125697
AR micromachine synthesis //n7fs/hboukrai/Archi/vhdl/micromachine.vhd sub00/vhpl73 1481125754
AR craps0 synthesis //n7fs/hboukrai/Archi/vhdl/craps0.vhd sub00/vhpl75 1481125756
AR shift4 synthesis //n7fs/hboukrai/Archi/vhdl/shift4.vhd sub00/vhpl19 1481125700
AR adder32 synthesis //n7fs/hboukrai/Archi/vhdl/adder32.vhd sub00/vhpl37 1481125718
EN umult16x16 NULL //n7fs/hboukrai/Archi/vhdl/umult16x16.vhd sub00/vhpl44 1481125725
AR fulladder synthesis //n7fs/hboukrai/Archi/vhdl/fulladder.vhd sub00/vhpl05 1481125686
AR registres synthesis //n7fs/hboukrai/Archi/vhdl/registres.vhd sub00/vhpl55 1481125736
AR ucmp4 synthesis //n7fs/hboukrai/Archi/vhdl/ucmp4.vhd sub00/vhpl15 1481125696
EN decoder5to32 NULL //n7fs/hboukrai/Archi/vhdl/decoder5to32.vhd sub00/vhpl32 1481125713
EN ual NULL //n7fs/hboukrai/Archi/vhdl/ual.vhd sub00/vhpl58 1481125739
EN ucmp1 NULL //n7fs/hboukrai/Archi/vhdl/ucmp1.vhd sub00/vhpl00 1481125681
EN eq4 NULL //n7fs/hboukrai/Archi/vhdl/eq4.vhd sub00/vhpl62 1481125743
EN ucmp2 NULL //n7fs/hboukrai/Archi/vhdl/ucmp2.vhd sub00/vhpl06 1481125687
EN ucmp4 NULL //n7fs/hboukrai/Archi/vhdl/ucmp4.vhd sub00/vhpl14 1481125695
EN eq8 NULL //n7fs/hboukrai/Archi/vhdl/eq8.vhd sub00/vhpl38 1481125719
EN shift1 NULL //n7fs/hboukrai/Archi/vhdl/shift1.vhd sub00/vhpl02 1481125683
EN registres NULL //n7fs/hboukrai/Archi/vhdl/registres.vhd sub00/vhpl54 1481125735
EN shift2 NULL //n7fs/hboukrai/Archi/vhdl/shift2.vhd sub00/vhpl10 1481125691
EN ucmp8 NULL //n7fs/hboukrai/Archi/vhdl/ucmp8.vhd sub00/vhpl22 1481125703
EN fulladder NULL //n7fs/hboukrai/Archi/vhdl/fulladder.vhd sub00/vhpl04 1481125685
EN shift4 NULL //n7fs/hboukrai/Archi/vhdl/shift4.vhd sub00/vhpl18 1481125699
AR adder4 synthesis //n7fs/hboukrai/Archi/vhdl/adder4.vhd sub00/vhpl13 1481125694
EN shift8 NULL //n7fs/hboukrai/Archi/vhdl/shift8.vhd sub00/vhpl26 1481125707
EN decoder2to4 NULL //n7fs/hboukrai/Archi/vhdl/decoder2to4.vhd sub00/vhpl08 1481125689
AR shift16 synthesis //n7fs/hboukrai/Archi/vhdl/shift16.vhd sub00/vhpl35 1481125716
AR eq8 synthesis //n7fs/hboukrai/Archi/vhdl/eq8.vhd sub00/vhpl39 1481125720
AR decoder5to32 synthesis //n7fs/hboukrai/Archi/vhdl/decoder5to32.vhd sub00/vhpl33 1481125714
EN addsub32 NULL //n7fs/hboukrai/Archi/vhdl/addsub32.vhd sub00/vhpl40 1481125721
EN commusb NULL //n7fs/hboukrai/Archi/vhdl/commUSB.vhd sub00/vhpl68 1481125749
AR shift8 synthesis //n7fs/hboukrai/Archi/vhdl/shift8.vhd sub00/vhpl27 1481125708
AR decoder3to8 synthesis //n7fs/hboukrai/Archi/vhdl/decoder3to8.vhd sub00/vhpl17 1481125698
EN rams_asyn_read512x32 NULL //n7fs/hboukrai/Archi/vhdl/rams_asyn_read512x32.vhd sub00/vhpl56 1481125737
EN clock4 NULL //n7fs/hboukrai/Archi/vhdl/clock4.vhd sub00/vhpl64 1481125745
AR ucmp32 synthesis //n7fs/hboukrai/Archi/vhdl/ucmp32.vhd sub00/vhpl49 1481125730
EN adder4 NULL //n7fs/hboukrai/Archi/vhdl/adder4.vhd sub00/vhpl12 1481125693
EN decoder6to64 NULL //n7fs/hboukrai/Archi/vhdl/decoder6to64.vhd sub00/vhpl46 1481125727
EN reg32 NULL //n7fs/hboukrai/Archi/vhdl/reg32.vhd sub00/vhpl50 1481125731
AR adder16 synthesis //n7fs/hboukrai/Archi/vhdl/adder16.vhd sub00/vhpl29 1481125710
AR ual synthesis //n7fs/hboukrai/Archi/vhdl/ual.vhd sub00/vhpl59 1481125740
AR sequencer synthesis //n7fs/hboukrai/Archi/vhdl/sequencer.vhd sub00/vhpl71 1481125752
EN adder8 NULL //n7fs/hboukrai/Archi/vhdl/adder8.vhd sub00/vhpl20 1481125701
AR ucmp8 synthesis //n7fs/hboukrai/Archi/vhdl/ucmp8.vhd sub00/vhpl23 1481125704
EN barrelshifter32 NULL //n7fs/hboukrai/Archi/vhdl/barrelshifter32.vhd sub00/vhpl42 1481125723
EN clock28 NULL //n7fs/hboukrai/Archi/vhdl/clock28.vhd sub00/vhpl66 1481125747
AR barrelshifter32 synthesis //n7fs/hboukrai/Archi/vhdl/barrelshifter32.vhd sub00/vhpl43 1481125724
EN eq32 NULL //n7fs/hboukrai/Archi/vhdl/eq32.vhd sub00/vhpl52 1481125733
AR umult16x16 synthesis //n7fs/hboukrai/Archi/vhdl/umult16x16.vhd sub00/vhpl45 1481125726
AR clock4 synthesis //n7fs/hboukrai/Archi/vhdl/clock4.vhd sub00/vhpl65 1481125746
AR decoder4to16 synthesis //n7fs/hboukrai/Archi/vhdl/decoder4to16.vhd sub00/vhpl25 1481125706
EN ucmp16 NULL //n7fs/hboukrai/Archi/vhdl/ucmp16.vhd sub00/vhpl30 1481125711
AR eq32 synthesis //n7fs/hboukrai/Archi/vhdl/eq32.vhd sub00/vhpl53 1481125734
AR decoder6to64 synthesis //n7fs/hboukrai/Archi/vhdl/decoder6to64.vhd sub00/vhpl47 1481125728
AR adder8 synthesis //n7fs/hboukrai/Archi/vhdl/adder8.vhd sub00/vhpl21 1481125702
EN ucmp32 NULL //n7fs/hboukrai/Archi/vhdl/ucmp32.vhd sub00/vhpl48 1481125729
EN craps0 NULL //n7fs/hboukrai/Archi/vhdl/craps0.vhd sub00/vhpl74 1481125755
EN adder16 NULL //n7fs/hboukrai/Archi/vhdl/adder16.vhd sub00/vhpl28 1481125709
EN adder32 NULL //n7fs/hboukrai/Archi/vhdl/adder32.vhd sub00/vhpl36 1481125717
AR shift1 synthesis //n7fs/hboukrai/Archi/vhdl/shift1.vhd sub00/vhpl03 1481125684
AR reg32 synthesis //n7fs/hboukrai/Archi/vhdl/reg32.vhd sub00/vhpl51 1481125732
AR clock28 synthesis //n7fs/hboukrai/Archi/vhdl/clock28.vhd sub00/vhpl67 1481125748
AR reg8 synthesis //n7fs/hboukrai/Archi/vhdl/reg8.vhd sub00/vhpl61 1481125742
EN shift16 NULL //n7fs/hboukrai/Archi/vhdl/shift16.vhd sub00/vhpl34 1481125715
AR commusb synthesis //n7fs/hboukrai/Archi/vhdl/commUSB.vhd sub00/vhpl69 1481125750
AR shift2 synthesis //n7fs/hboukrai/Archi/vhdl/shift2.vhd sub00/vhpl11 1481125692
AR rams_asyn_read512x32 synthesis //n7fs/hboukrai/Archi/vhdl/rams_asyn_read512x32.vhd sub00/vhpl57 1481125738
EN reg8 NULL //n7fs/hboukrai/Archi/vhdl/reg8.vhd sub00/vhpl60 1481125741
AR ucmp1 synthesis //n7fs/hboukrai/Archi/vhdl/ucmp1.vhd sub00/vhpl01 1481125682
EN decoder4to16 NULL //n7fs/hboukrai/Archi/vhdl/decoder4to16.vhd sub00/vhpl24 1481125705
AR ucmp16 synthesis //n7fs/hboukrai/Archi/vhdl/ucmp16.vhd sub00/vhpl31 1481125712
EN micromachine NULL //n7fs/hboukrai/Archi/vhdl/micromachine.vhd sub00/vhpl72 1481125753
AR ucmp2 synthesis //n7fs/hboukrai/Archi/vhdl/ucmp2.vhd sub00/vhpl07 1481125688
AR decoder2to4 synthesis //n7fs/hboukrai/Archi/vhdl/decoder2to4.vhd sub00/vhpl09 1481125690
EN sequencer NULL //n7fs/hboukrai/Archi/vhdl/sequencer.vhd sub00/vhpl70 1481125751
